--------------------------------------------------------------------------------
      name:  <unnamed>
       log:  /Users/pranavgupta/Documents/ECON 580/Pranav-copy-rep-kit/ggn-repli
> cation-kit/do/../log/plot-ssdi-trend.log
  log type:  text
 opened on:  11 Feb 2026, 20:50:09

. 
. /* --------------------------------------
> 
> This program plots trends in SSDI applications.
> 
> --------------------------------------- */
. 
. clear all

. estimates clear

. 
. clear

. set more off

. 
. 
. ************************************************************
. **   Bring in Data
. ************************************************************
. 
. use ../src/ssdi_applications.dta

. 
. 
. ************************************************************
. **   Identify South
. ************************************************************
. 
. gen south = ///
>  (statecode == "WV" | statecode == "MD" | statecode == "DE"| statecode == "DC"
>  | ///
>   statecode == "KY" | statecode == "TN" | ///
>   statecode == "NC" | statecode == "VA" | statecode == "SC" | statecode == "GA
> " | ///
>   statecode ==  "AK" | statecode == "LA" | statecode == "TX" | statecode == "O
> K" | ///
>   statecode ==  "AL" | statecode == "MS" | statecode == "FL" )

. 
. tab statecode, missing

 State Code |      Freq.     Percent        Cum.
------------+-----------------------------------
         AK |         11        1.92        1.92
         AL |         11        1.92        3.85
         AR |         11        1.92        5.77
         AZ |         11        1.92        7.69
         CA |         11        1.92        9.62
         CO |         11        1.92       11.54
         CT |         11        1.92       13.46
         DC |         11        1.92       15.38
         DE |         11        1.92       17.31
         FL |         11        1.92       19.23
         GA |         11        1.92       21.15
         HI |         11        1.92       23.08
         IA |         11        1.92       25.00
         ID |         11        1.92       26.92
         IL |         11        1.92       28.85
         IN |         11        1.92       30.77
         KS |         11        1.92       32.69
         KY |         11        1.92       34.62
         LA |         11        1.92       36.54
         MA |         11        1.92       38.46
         MD |         11        1.92       40.38
         ME |         11        1.92       42.31
         MI |         11        1.92       44.23
         MN |         11        1.92       46.15
         MO |         11        1.92       48.08
         MS |         11        1.92       50.00
         MT |         11        1.92       51.92
         NC |         11        1.92       53.85
         ND |         11        1.92       55.77
         NE |         11        1.92       57.69
         NH |         11        1.92       59.62
         NJ |         11        1.92       61.54
         NM |         11        1.92       63.46
         NV |         11        1.92       65.38
         NY |         11        1.92       67.31
         OH |         11        1.92       69.23
         OK |         11        1.92       71.15
         OR |         11        1.92       73.08
         PA |         11        1.92       75.00
         PR |         11        1.92       76.92
         RI |         11        1.92       78.85
         SC |         11        1.92       80.77
         SD |         11        1.92       82.69
         TN |         11        1.92       84.62
         TX |         11        1.92       86.54
         UT |         11        1.92       88.46
         VA |         11        1.92       90.38
         VT |         11        1.92       92.31
         WA |         11        1.92       94.23
         WI |         11        1.92       96.15
         WV |         11        1.92       98.08
         WY |         11        1.92      100.00
------------+-----------------------------------
      Total |        572      100.00

. rename date year

. tab year, missing

       Date |      Freq.     Percent        Cum.
------------+-----------------------------------
       2001 |         52        9.09        9.09
       2002 |         52        9.09       18.18
       2003 |         52        9.09       27.27
       2004 |         52        9.09       36.36
       2005 |         52        9.09       45.45
       2006 |         52        9.09       54.55
       2007 |         52        9.09       63.64
       2008 |         52        9.09       72.73
       2009 |         52        9.09       81.82
       2010 |         52        9.09       90.91
       2011 |         52        9.09      100.00
------------+-----------------------------------
      Total |        572      100.00

. 
. egen stnum = group(statecode)

. 
. 
. ************************************************************
. **   Clean up key variables
. ************************************************************
. 
. gen log_apps = log(adultreceipts)

. 
. gen tn_X_post = (statecode == "TN") * (year >= 2006)

. 
. gen tn = (statecode == "TN")

. 
. ************************************************************
. **   Graph Tennessee versus South
. ************************************************************
. 
. preserve

. 
.         keep if south == 1
(385 observations deleted)

. 
.         tab1 state year

-> tabulation of statecode  

 State Code |      Freq.     Percent        Cum.
------------+-----------------------------------
         AK |         11        5.88        5.88
         AL |         11        5.88       11.76
         DC |         11        5.88       17.65
         DE |         11        5.88       23.53
         FL |         11        5.88       29.41
         GA |         11        5.88       35.29
         KY |         11        5.88       41.18
         LA |         11        5.88       47.06
         MD |         11        5.88       52.94
         MS |         11        5.88       58.82
         NC |         11        5.88       64.71
         OK |         11        5.88       70.59
         SC |         11        5.88       76.47
         TN |         11        5.88       82.35
         TX |         11        5.88       88.24
         VA |         11        5.88       94.12
         WV |         11        5.88      100.00
------------+-----------------------------------
      Total |        187      100.00

-> tabulation of year  

       Date |      Freq.     Percent        Cum.
------------+-----------------------------------
       2001 |         17        9.09        9.09
       2002 |         17        9.09       18.18
       2003 |         17        9.09       27.27
       2004 |         17        9.09       36.36
       2005 |         17        9.09       45.45
       2006 |         17        9.09       54.55
       2007 |         17        9.09       63.64
       2008 |         17        9.09       72.73
       2009 |         17        9.09       81.82
       2010 |         17        9.09       90.91
       2011 |         17        9.09      100.00
------------+-----------------------------------
      Total |        187      100.00

. 
.         collapse (mean) adultreceipts , by(tn year)

. 
.         list

     +------------------------+
     | year   tn   adultrec~s |
     |------------------------|
  1. | 2001    0   42684.1875 |
  2. | 2002    0   46743.8125 |
  3. | 2003    0   48484.9375 |
  4. | 2004    0     50492.25 |
  5. | 2005    0     48990.75 |
     |------------------------|
  6. | 2006    0   48383.0625 |
  7. | 2007    0      48868.5 |
  8. | 2008    0   50768.1875 |
  9. | 2009    0   58693.4375 |
 10. | 2010    0    61988.375 |
     |------------------------|
 11. | 2011    0   62264.5625 |
 12. | 2001    1        52049 |
 13. | 2002    1        56846 |
 14. | 2003    1        58280 |
 15. | 2004    1        59930 |
     |------------------------|
 16. | 2005    1        58410 |
 17. | 2006    1        52769 |
 18. | 2007    1        55855 |
 19. | 2008    1        56791 |
 20. | 2009    1        72076 |
     |------------------------|
 21. | 2010    1        76279 |
 22. | 2011    1        75371 |
     +------------------------+

. 
.         sort tn year

.         by tn: gen init = adultreceipts[1]

.         by tn: replace adultreceipts = adultreceipts / init * 100
(22 real changes made)

.         drop init

. 
.         list

     +-------------------------+
     | year   tn   adultrece~s |
     |-------------------------|
  1. | 2001    0           100 |
  2. | 2002    0   109.5108405 |
  3. | 2003    0   113.5899272 |
  4. | 2004    0   118.2926347 |
  5. | 2005    0   114.7749386 |
     |-------------------------|
  6. | 2006    0   113.3512557 |
  7. | 2007    0   114.4885328 |
  8. | 2008    0   118.9390978 |
  9. | 2009    0   137.5062779 |
 10. | 2010    0   145.2256178 |
     |-------------------------|
 11. | 2011    0   145.8726665 |
 12. | 2001    1           100 |
 13. | 2002    1   109.2163154 |
 14. | 2003    1   111.9714116 |
 15. | 2004    1   115.1415013 |
     |-------------------------|
 16. | 2005    1   112.2211762 |
 17. | 2006    1   101.3833119 |
 18. | 2007    1   107.3123403 |
 19. | 2008    1   109.1106457 |
 20. | 2009    1   138.4772042 |
     |-------------------------|
 21. | 2010    1   146.5522873 |
 22. | 2011    1   144.8077773 |
     +-------------------------+

. 
.         ** title: "SSDI applications (Year 2001=100)"
.         local inv_golden_ratio = 2 / ( sqrt(5) + 1 )

.         twoway ///
>                 (connected adultreceipts year if tn == 0, lpattern(dash) lcolo
> r(gray) mcolor(red) msymbol(i)) ///
>                 (connected adultreceipts year if tn == 1, lpattern(solid) lcol
> or(gray) mcolor(blue) msymbol(o) ) ///
>                 , ///
>                 ylabel(, nogrid angle(horizontal)  ) ///
>                 scheme(s2mono) ///
>                 graphregion(fcolor(white)) ///
>                 xline(2005) ///
>                 aspectratio(`inv_golden_ratio') ///
>                 legend(off) ///
>                 yscale( nofextend ) xscale(nofextend) ///
>                 xlabel(2001(2)2011) xtitle(" ") ytitle( "") ///
>                 ylabel(100(10)150) yscale(r(99.99 150.01))

.          graph save ../gph/ssdi-tn-v-south-mostyears.gph, replace
file ../gph/ssdi-tn-v-south-mostyears.gph saved

. 
. restore

. 
. 
. 
. log close
      name:  <unnamed>
       log:  /Users/pranavgupta/Documents/ECON 580/Pranav-copy-rep-kit/ggn-repli
> cation-kit/do/../log/plot-ssdi-trend.log
  log type:  text
 closed on:  11 Feb 2026, 20:50:09
--------------------------------------------------------------------------------
