--------------------------------------------------------------------------------------------------------------------------------------------------------------------------------------------------------
      name:  <unnamed>
       log:  /Users/pranavgupta/Documents/ECON 580/Pranav-copy-rep-kit/ggn-replication-kit/do/../log/run-cps-tables-extended.log
  log type:  text
 opened on:  13 Feb 2026, 22:23:18

. 
. ************************************************************
. ** Prepare Data
. ************************************************************
. use "../dta/cps_MICRO_FINAL.dta", clear

. 
. * Filter main sample immediately
. keep if year >= 1998
(1,706,310 observations deleted)

. keep if age >= 21
(980,013 observations deleted)

. 
. * Define Original South Control
. gen byte south = (statefip == 54 | statefip == 24 | statefip == 10 | statefip == 11 | ///
>                   statefip == 21 | statefip == 47 | statefip == 37 | statefip == 51 | ///
>                   statefip == 45 | statefip == 13 | statefip == 5  | statefip == 22 | ///
>                   statefip == 48 | statefip == 40 | statefip == 1  | statefip == 28 | statefip == 12)

. 
. * EXTENSION: Define "Direct Border States" Control Group
. * KY(21), VA(51), NC(37), GA(13), AL(1), MS(28), AR(5), MO(29)
. gen byte border_states = (statefip==21 | statefip==51 | statefip==37 | statefip==13 | ///
>                           statefip==1  | statefip==28 | statefip==5  | statefip==29)

. 
. gen byte tn = (statefip == 47)

. gen byte post = (year >= 2006)

. gen byte tn_X_post = tn * post

. gen byte nokid = (1 - kid)

. 
. * --------------------------------------------------------
. * ROBUST VARIABLE CLEANUP (Prevents "already defined" errors)
. * --------------------------------------------------------
. foreach var in female agebin age5564 educbin white black other any_college hsd hsg {
  2.     capture drop `var'
  3. }

. 
. * Now we can safely generate them
. gen byte female = (sex == 2)

. gen byte agebin = (age >= 40 & age < 65)

. gen byte age5564 = (age >= 55 & age <= 64)

. gen byte educbin = (educ >= 73)

. 
. * Race definitions
. gen byte white = (race == 100)

. gen byte black = (race == 200 | race == 801 | race == 805 | race == 806 | race == 807)

. gen byte other = 1 - white - black

. 
. * Education definitions
. gen byte hsd = (educ < 73)

. gen byte hsg = (educ == 73)

. gen byte any_college = (smc1 == 1 | smc2 == 1 | col == 1)

. 
. compress
  variable higrade was int now byte
  variable own_kid was float now byte
  variable min_age was float now byte
  variable max_age was float now byte
  variable kid was float now byte
  variable any_ind was float now byte
  variable has_spouse was float now byte
  variable verifs was float now byte
  variable any_empl was float now byte
  variable any_mcaid was float now byte
  variable any_mcare was float now byte
  variable smc1 was float now byte
  variable smc2 was float now byte
  variable col was float now byte
  variable femaleXkid was float now byte
  variable type0 was float now byte
  variable type1 was float now byte
  variable type2 was float now byte
  variable type3 was float now byte
  variable type4 was float now byte
  variable type5 was float now byte
  variable type6 was float now byte
  variable type9 was float now byte
  variable type7 was float now byte
  variable type8 was float now byte
  variable type10 was float now byte
  variable type11 was float now byte
  variable ftotval was double now long
  variable inctot was double now long
  (152,768,955 bytes saved)

. 
. ************************************************************
. ** Table I: Summary Statistics (Extended)
. ************************************************************
. 
. preserve

.     keep if south == 1
(1,210,809 observations deleted)

.     keep if age >= 21 & age < 65
(90,896 observations deleted)

. 
.     * Initialize matrix with 3 columns: TN, South, Border
.     matrix sample_stats = J(25,3,.)

. 
.     local row = 1

. 
.     * Loop for Insurance Variables
.     foreach var in any_public any_private {
  2.         qui sum `var' [aw = hinswt] if tn == 1 & year >= 2001 & year <= 2008
  3.         matrix sample_stats[`row',1] = r(mean)
  4.         
.         qui sum `var' [aw = hinswt] if tn == 0 & south == 1 & year >= 2001 & year <= 2008
  5.         matrix sample_stats[`row',2] = r(mean)
  6.         
.         qui sum `var' [aw = hinswt] if border_states == 1 & year >= 2001 & year <= 2008
  7.         matrix sample_stats[`row',3] = r(mean)
  8.         
.         local row = `row' + 1
  9.     }

.     local row = `row' + 1

. 
.     * Loop for Employment Variables
.     foreach var in working hrs_lw_lt20 hrs_lw_2035 hrs_lw_ge35 {
  2.         qui sum `var' [aw = wtsupp] if tn == 1 & year >= 2000 & year <= 2007
  3.         matrix sample_stats[`row',1] = r(mean)
  4.         
.         qui sum `var' [aw = wtsupp] if tn == 0 & south == 1 & year >= 2000 & year <= 2007
  5.         matrix sample_stats[`row',2] = r(mean)
  6.         
.         qui sum `var' [aw = wtsupp] if border_states == 1 & year >= 2000 & year <= 2007
  7.         matrix sample_stats[`row',3] = r(mean)
  8.         local row = `row' + 1
  9.     }

.     local row = `row' + 1

. 
.     * Loop for Demographics
.     foreach var in kid agebin female {
  2.         qui sum `var' [aw = wtsupp] if tn == 1 & year >= 2000 & year <= 2007
  3.         matrix sample_stats[`row',1] = r(mean)
  4.         
.         qui sum `var' [aw = wtsupp] if tn == 0 & south == 1 & year >= 2000 & year <= 2007
  5.         matrix sample_stats[`row',2] = r(mean)
  6.         
.         qui sum `var' [aw = wtsupp] if border_states == 1 & year >= 2000 & year <= 2007
  7.         matrix sample_stats[`row',3] = r(mean)
  8.         local row = `row' + 1
  9.     }

.     local row = `row' + 1

. 
.     * Loop for Education
.     foreach var in hsd hsg any_college {
  2.         qui sum `var' [aw = wtsupp] if tn == 1 & year >= 2000 & year <= 2007
  3.         matrix sample_stats[`row',1] = r(mean)
  4.         
.         qui sum `var' [aw = wtsupp] if tn == 0 & south == 1 & year >= 2000 & year <= 2007
  5.         matrix sample_stats[`row',2] = r(mean)
  6.         
.         qui sum `var' [aw = wtsupp] if border_states == 1 & year >= 2000 & year <= 2007
  7.         matrix sample_stats[`row',3] = r(mean)
  8.         local row = `row' + 1
  9.     }

.     local row = `row' + 1

. 
.     * Loop for Race
.     foreach var in white black other {
  2.         qui sum `var' [aw = wtsupp] if tn == 1 & year >= 2000 & year <= 2007
  3.         matrix sample_stats[`row',1] = r(mean)
  4.         
.         qui sum `var' [aw = wtsupp] if tn == 0 & south == 1 & year >= 2000 & year <= 2007
  5.         matrix sample_stats[`row',2] = r(mean)
  6.         
.         qui sum `var' [aw = wtsupp] if border_states == 1 & year >= 2000 & year <= 2007
  7.         matrix sample_stats[`row',3] = r(mean)
  8.         local row = `row' + 1
  9.     }

. 
.     disp ""


.     disp "--------------------------------------------------------"
--------------------------------------------------------

.     disp "TABLE 1: TN (Col 1) vs. South (Col 2) vs. Border (Col 3)"
TABLE 1: TN (Col 1) vs. South (Col 2) vs. Border (Col 3)

.     disp "--------------------------------------------------------"
--------------------------------------------------------

.     clear

.     svmat sample_stats
number of observations will be reset to 25
Press any key to continue, or Break to abort
Number of observations (_N) was 0, now 25.

.     list , clean

       sample~1   sample~2   sample~3  
  1.   .1889924   .1195523    .134818  
  2.   .6177418   .6206535   .6459169  
  3.          .          .          .  
  4.   .6890013    .711233   .7128401  
  5.   .0408385   .0357765   .0365176  
  6.   .0971391   .0947428   .0948116  
  7.   .5510237   .5807136   .5815108  
  8.          .          .          .  
  9.   .4426971   .4525894   .4437434  
 10.   .5487842   .5350747   .5381327  
 11.   .5213946   .5172607   .5203225  
 12.          .          .          .  
 13.   .1614842   .1578587   .1475799  
 14.   .3746987   .3486612   .3651809  
 15.   .4638171   .4934801   .4872392  
 16.          .          .          .  
 17.   .8116335   .7660126   .7340376  
 18.     .16778   .1956955   .2329491  
 19.   .0205865   .0382919   .0330133  
 20.          .          .          .  
 21.          .          .          .  
 22.          .          .          .  
 23.          .          .          .  
 24.          .          .          .  
 25.          .          .          .  

. restore

. 
. ************************************************************
. ** Table II: Regression Analysis (Border States Only)
. ************************************************************
. 
. if "`piece'" == "1" | "`piece'" == "all" {
.     disp "Running Table 2 Regressions using BORDER STATES as control..."
Running Table 2 Regressions using BORDER STATES as control...
.     preserve
. 
.         * --- SPEED FIX: LIMIT ITERATIONS ---
.         * Set this to 20 for a quick run. (Default is likely 200+)
.         global Niterations = 20
.         * -----------------------------------
. 
.         * RESTRICTION: Keep only Tennessee and Border States
.         keep if tn == 1 | border_states == 1
(1,520,561 observations deleted)
.         
.         keep if age >= 21 & age < 65
(37,396 observations deleted)
.         
.         * Update clusters count (TN + 8 Border States = 9)
.         global Nclusters = 9
.         
.         * Initialize matrix to store results
.         matrix reg_results = J(8, 7, .)
. 
.         * Run the regressions using the authors' fragment script
.         qui do fragment-run-our-bbs-procedure dd any_public 1 2000 2007 
.         qui do fragment-run-our-bbs-procedure dd working 2 2000 2007 
.         qui do fragment-run-our-bbs-procedure dd hrs_lw_lt20 3 2000 2007 
.         qui do fragment-run-our-bbs-procedure dd hrs_lw_ge20 4 2000 2007 
.         qui do fragment-run-our-bbs-procedure dd hrs_lw_2035 5 2000 2007 
.         qui do fragment-run-our-bbs-procedure dd hrs_lw_ge35 6 2000 2007 
.         qui do fragment-run-our-bbs-procedure dd any_empl_wk 7 2000 2007 
. 
.         clear
.         svmat reg_results
number of observations will be reset to 8
Press any key to continue, or Break to abort
Number of observations (_N) was 0, now 8.
.         disp ""

.         disp "--------------------------------------------------------"
--------------------------------------------------------
.         disp "TABLE 2: DiD Results (TN vs. Border States Only)"
TABLE 2: DiD Results (TN vs. Border States Only)
.         disp "--------------------------------------------------------"
--------------------------------------------------------
.         list, clean

       reg_res~1   reg_re~2   reg_res~3   reg_re~4   reg_re~5   reg_re~6   reg_re~7  
  1.   -.0385299   .0248653   -.0014947     .02636   .0000773   .0262827   .0113329  
  2.    .0132967   .0090349    .0050403   .0109499   .0069785   .0142843   .0110351  
  3.    .0199621   .0249764    .7743617   .0426856   .9914389   .1030497   .3344736  
  4.           .          .           .          .          .          .          .  
  5.    .8622944   .8443591    .3308311   .8403778   .4910808   .8381055   .8943518  
  6.          72         72          72         72         72         72         72  
  7.           .          .           .          .          .          .          .  
  8.    .1439103   .7074999    .0374408   .6700591   .0968191     .57324   .5269902  
. 
.     restore
. }

. 
. log close
      name:  <unnamed>
       log:  /Users/pranavgupta/Documents/ECON 580/Pranav-copy-rep-kit/ggn-replication-kit/do/../log/run-cps-tables-extended.log
  log type:  text
 closed on:  13 Feb 2026, 22:26:08
--------------------------------------------------------------------------------------------------------------------------------------------------------------------------------------------------------
