------------------------------------------------------------------------------------------------------------------------------------------------------------------------------------
      name:  <unnamed>
       log:  /Users/pranavgupta/Documents/ECON 580/Pranav-copy-rep-kit/ggn-replication-kit/do/../log/state-codes.log
  log type:  text
 opened on:  11 Feb 2026, 20:17:22

. 
. /* --------------------------------------
> 
> This program creates a data set with many
> different types of state codes.
> 
> --------------------------------------- */
. 
. clear all

. set mem 10m
set memory ignored.
    Memory no longer needs to be set in modern Statas; memory adjustments are performed on the fly automatically.

. 
. ************************************************************
. ** Create State Codes, FIPS & Names                       **
. ************************************************************
. 
. input state_fips str2 state_abbrev str40 state_name 

     state_f~s  state_a~v                                state_name
  1. 01   AL         "Alabama"
  2. 02   AK         "Alaska"
  3. 04   AZ         "Arizona"
  4. 05   AR         "Arkansas"
  5. 06   CA         "California"
  6. 08   CO         "Colorado"
  7. 09   CT         "Connecticut"
  8. 10   DE         "Delaware"
  9. 11   DC         "District of Columbia"
 10. 12   FL         "Florida"
 11. 13   GA         "Georgia"
 12. 15   HI         "Hawaii"
 13. 16   ID         "Idaho"
 14. 17   IL         "Illinois"
 15. 18   IN         "Indiana"
 16. 19   IA         "Iowa"
 17. 20   KS         "Kansas"
 18. 21   KY         "Kentucky"
 19. 22   LA         "Louisiana"
 20. 23   ME         "Maine"
 21. 24   MD         "Maryland"
 22. 25   MA         "Massachusetts"
 23. 26   MI         "Michigan"
 24. 27   MN         "Minnesota"
 25. 28   MS         "Mississippi"
 26. 29   MO         "Missouri"
 27. 30   MT         "Montana"
 28. 31   NE         "Nebraska"
 29. 32   NV         "Nevada"
 30. 33   NH         "New Hampshire"
 31. 34   NJ         "New Jersey"
 32. 35   NM         "New Mexico"
 33. 36   NY         "New York"
 34. 37   NC         "North Carolina"
 35. 38   ND         "North Dakota"
 36. 39   OH         "Ohio"
 37. 40   OK         "Oklahoma"
 38. 41   OR         "Oregon"
 39. 42   PA         "Pennsylvania"
 40. 44   RI         "Rhode Island"
 41. 45   SC         "South Carolina"
 42. 46   SD         "South Dakota"
 43. 47   TN         "Tennessee"
 44. 48   TX         "Texas"
 45. 49   UT         "Utah"
 46. 50   VT         "Vermont"
 47. 51   VA         "Virginia"
 48. 53   WA         "Washington"
 49. 54   WV         "West Virginia"
 50. 55   WI         "Wisconsin"
 51. 56   WY         "Wyoming"
 52. 60   AS         "American Samoa"
 53. 64   FM         "Federated States of Micronesia"
 54. 66   GU         "Guam"
 55. 68   MH         "Marshall Islands"
 56. 72   PR         "Puerto Rico"
 57. 78   VI         "Virgin Islands"
 58. end

. 
. list

     +------------------------------------------------------+
     | state_~s   state_~v                       state_name |
     |------------------------------------------------------|
  1. |        1         AL                          Alabama |
  2. |        2         AK                           Alaska |
  3. |        4         AZ                          Arizona |
  4. |        5         AR                         Arkansas |
  5. |        6         CA                       California |
     |------------------------------------------------------|
  6. |        8         CO                         Colorado |
  7. |        9         CT                      Connecticut |
  8. |       10         DE                         Delaware |
  9. |       11         DC             District of Columbia |
 10. |       12         FL                          Florida |
     |------------------------------------------------------|
 11. |       13         GA                          Georgia |
 12. |       15         HI                           Hawaii |
 13. |       16         ID                            Idaho |
 14. |       17         IL                         Illinois |
 15. |       18         IN                          Indiana |
     |------------------------------------------------------|
 16. |       19         IA                             Iowa |
 17. |       20         KS                           Kansas |
 18. |       21         KY                         Kentucky |
 19. |       22         LA                        Louisiana |
 20. |       23         ME                            Maine |
     |------------------------------------------------------|
 21. |       24         MD                         Maryland |
 22. |       25         MA                    Massachusetts |
 23. |       26         MI                         Michigan |
 24. |       27         MN                        Minnesota |
 25. |       28         MS                      Mississippi |
     |------------------------------------------------------|
 26. |       29         MO                         Missouri |
 27. |       30         MT                          Montana |
 28. |       31         NE                         Nebraska |
 29. |       32         NV                           Nevada |
 30. |       33         NH                    New Hampshire |
     |------------------------------------------------------|
 31. |       34         NJ                       New Jersey |
 32. |       35         NM                       New Mexico |
 33. |       36         NY                         New York |
 34. |       37         NC                   North Carolina |
 35. |       38         ND                     North Dakota |
     |------------------------------------------------------|
 36. |       39         OH                             Ohio |
 37. |       40         OK                         Oklahoma |
 38. |       41         OR                           Oregon |
 39. |       42         PA                     Pennsylvania |
 40. |       44         RI                     Rhode Island |
     |------------------------------------------------------|
 41. |       45         SC                   South Carolina |
 42. |       46         SD                     South Dakota |
 43. |       47         TN                        Tennessee |
 44. |       48         TX                            Texas |
 45. |       49         UT                             Utah |
     |------------------------------------------------------|
 46. |       50         VT                          Vermont |
 47. |       51         VA                         Virginia |
 48. |       53         WA                       Washington |
 49. |       54         WV                    West Virginia |
 50. |       55         WI                        Wisconsin |
     |------------------------------------------------------|
 51. |       56         WY                          Wyoming |
 52. |       60         AS                   American Samoa |
 53. |       64         FM   Federated States of Micronesia |
 54. |       66         GU                             Guam |
 55. |       68         MH                 Marshall Islands |
     |------------------------------------------------------|
 56. |       72         PR                      Puerto Rico |
 57. |       78         VI                   Virgin Islands |
     +------------------------------------------------------+

. 
. ************************************************************
. **   Add AHA Codes, II
. ************************************************************
. 
. ** This comes directly from the 1984 AHA codebook:
. **** 
. ****       REGION  1                   REGION  4                REGION  8            
. ****     (NEW ENGLAND)            (EAST NORTH CENTRAL)          (MOUNTAIN)           
. ****  -------------------      --------------------------    ----------------        
. ****                                                                                 
. ****   11 MAINE                 41 OHIO                       81 MONTANA             
. ****   12 NEW HAMPSHIRE         42 INDIANA                    82 IDAHO               
. ****   13 VERMONT               43 ILLINOIS                   83 WYOMING             
. ****   14 MASSACHUSETTS         44 MICHIGAN                   84 COLORADO            
. ****   15 RHODE ISLAND          45 WISCONSIN                  85 NEW MEXICO          
. ****   16 CONNECTICUT                                         86 ARIZONA             
. ****                                                          87 UTAH                
. ****                                                          88 NEVADA              
. ****                                                                                 
. ****                                                                                 
. ****                                                                                 
. ****       REGION  2                   REGION  5                REGION  9            
. ****     (MID ATLANTIC)           (EAST SOUTH CENTRAL)          (PACIFIC)            
. ****  --------------------     --------------------------    ---------------         
. ****                                                                                 
. ****   21 NEW YORK              51 KENTUCKY                   91 WASHINGTON          
. ****   22 NEW JERSEY            52 TENNESSEE                  92 OREGON              
. ****   23 PENNSYLVANIA          53 ALABAMA                    93 CALIFORNIA          
. ****                            54 MISSISSIPPI                94 ALASKA              
. ****                                                          95 HAWAII              
. ****                                                                                 
. ****                                                                                 
. ****                                                                                 
. ****        REGION  3                  REGION  6                    REGION  0        
. ****     (SOUTH ATLANTIC)         (WEST NORTH CENTRAL)          (ASSOCIATED AREAS)   
. ****  ----------------------   --------------------------    ------------------------
. ****                                                                                 
. ****   31 DELAWARE              61 MINNESOTA                  03 MARSHALL ISLANDS    
. ****   32 MARYLAND              62 IOWA                       04 PUERTO RICO         
. ****   33 DIST. OF COLUMBIA     63 MISSOURI                   05 VIRGIN ISLANDS      
. ****   34 VIRGINIA              64 NORTH DAKOTA               06 GUAM                
. ****   35 WEST VIRGINIA         65 SOUTH DAKOTA               07 AMERICAN SAMOA      
. ****   36 NORTH CAROLINA        66 NEBRASKA                                          
. ****   37 SOUTH CAROLINA        67 KANSAS                                            
. ****   38 GEORGIA                                                                    
. ****   39 FLORIDA                                                                    
. ****                                                                                 
. ****                                                                                 
. ****                                   REGION  7                                     
. ****                              (WEST SOUTH CENTRAL)                               
. ****                           --------------------------                            
. ****                                                                                 
. ****                            71 ARKANSAS                                          
. ****                            72 LOUISIANA                                         
. ****                            73 OKLAHOMA                                          
. ****                            74 TEXAS                                             
. 
. preserve

.         clear

. 
.         input state_aha str20 state_name 

     state_aha            state_name
  1.         03 "Marshall Islands"
  2.         04 "Puerto Rico"
  3.         05 "Virgin Islands"
  4.         06 "Guam"
  5.         07 "American Samoa"
  6.         08 "Saipan"
  7.         11 "Maine"
  8.         12 "New Hampshire"
  9.         13 "Vermont"
 10.         14 "Massachusetts"
 11.         15 "Rhode Island"
 12.         16 "Connecticut"
 13.         21 "New York"
 14.         22 "New Jersey"
 15.         23 "Pennsylvania"
 16.         31 "Delaware"
 17.         32 "Maryland"
 18.         33 "District of Columbia"
 19.         34 "Virginia"
 20.         35 "West Virginia"
 21.         36 "North Carolina"
 22.         37 "South Carolina"
 23.         38 "Georgia"
 24.         39 "Florida"
 25.         41 "Ohio"
 26.         42 "Indiana"
 27.         43 "Illinois"
 28.         44 "Michigan"
 29.         45 "Wisconsin"
 30.         51 "Kentucky"
 31.         52 "Tennessee"
 32.         53 "Alabama"
 33.         54 "Mississippi"
 34.         61 "Minnesota"
 35.         62 "Iowa"
 36.         63 "Missouri"
 37.         64 "North Dakota"
 38.         65 "South Dakota"
 39.         66 "Nebraska"
 40.         67 "Kansas"
 41.         71 "Arkansas"
 42.         72 "Louisiana"
 43.         73 "Oklahoma"
 44.         74 "Texas"
 45.         81 "Montana"
 46.         82 "Idaho"
 47.         83 "Wyoming"
 48.         84 "Colorado"
 49.         85 "New Mexico"
 50.         86 "Arizona"
 51.         87 "Utah"
 52.         88 "Nevada"
 53.         91 "Washington"
 54.         92 "Oregon"
 55.         93 "California"
 56.         94 "Alaska"
 57.         95 "Hawaii"
 58.         end

. 
.         tempfile aha

.         sort state_name

.         save `aha'
file /var/folders/3q/0zvdx8pd3sgg3pb2x91t3qp80000gn/T//S_50333.000003 saved as .dta format

. restore

.                        
. sort state_name

. merge 1:1 state_name using `aha' 

    Result                      Number of obs
    -----------------------------------------
    Not matched                             2
        from master                         1  (_merge==1)
        from using                          1  (_merge==2)

    Matched                                56  (_merge==3)
    -----------------------------------------

. tab _merge

   Matching result from |
                  merge |      Freq.     Percent        Cum.
------------------------+-----------------------------------
        Master only (1) |          1        1.72        1.72
         Using only (2) |          1        1.72        3.45
            Matched (3) |         56       96.55      100.00
------------------------+-----------------------------------
                  Total |         58      100.00

. list if _merge != 3

     +-----------------------------------------------------------------------------------+
     | state_~s   state_~v                       state_name   state_~a            _merge |
     |-----------------------------------------------------------------------------------|
 11. |       64         FM   Federated States of Micronesia          .   Master only (1) |
 58. |        .                                      Saipan          8    Using only (2) |
     +-----------------------------------------------------------------------------------+

. drop _merge

.                        
. ************************************************************
. ** Add Census State Codes                                 **
. ************************************************************
. 
. ** This code comes from the 1960 census, as cataloged
. ** in CPS NBER codebooks.
. 
. preserve

.         clear

. 
.         input state_census str20 state_name 

     state_c~s            state_name
  1.         11 "Maine"
  2.         12 "New Hampshire"
  3.         13 "Vermont"
  4.         14 "Massachusetts"
  5.         15 "Rhode Island"
  6.         16 "Connecticut"
  7.         21 "New York"
  8.         22 "New Jersey"
  9.         23 "Pennsylvania"
 10.         31 "Ohio"
 11.         32 "Indiana"
 12.         33 "Illinois"
 13.         34 "Michigan"
 14.         35 "Wisconsin"
 15.         41 "Minnesota"
 16.         42 "Iowa"
 17.         43 "Missouri"
 18.         44 "North Dakota"
 19.         45 "South Dakota"
 20.         46 "Nebraska"
 21.         47 "Kansas"
 22.         51 "Delaware"
 23.         52 "Maryland"
 24.         53 "District of Columbia"
 25.         54 "Virginia"
 26.         55 "West Virginia"
 27.         56 "North Carolina"
 28.         57 "South Carolina"
 29.         58 "Georgia"
 30.         59 "Florida"
 31.         61 "Kentucky"
 32.         62 "Tennessee"
 33.         63 "Alabama"
 34.         64 "Mississippi"
 35.         71 "Arkansas"
 36.         72 "Louisiana"
 37.         73 "Oklahoma"
 38.         74 "Texas"
 39.         81 "Montana"
 40.         82 "Idaho"
 41.         83 "Wyoming"
 42.         84 "Colorado"
 43.         85 "New Mexico"
 44.         86 "Arizona"
 45.         87 "Utah"
 46.         88 "Nevada"
 47.         91 "Washington"
 48.         92 "Oregon"
 49.         93 "California"
 50.         94 "Alaska"
 51.         95 "Hawaii"
 52.         end

. 
.         sort state_name

.         tempfile census

.         save "`census'"
file /var/folders/3q/0zvdx8pd3sgg3pb2x91t3qp80000gn/T//S_50333.000005 saved as .dta format

. restore

. 
. sort state_name

. merge state_name using "`census'" , uniqusing uniqmaster
(you are using old merge syntax; see [D] merge for new syntax)

. tab _merge

     _merge |      Freq.     Percent        Cum.
------------+-----------------------------------
          1 |          7       12.07       12.07
          3 |         51       87.93      100.00
------------+-----------------------------------
      Total |         58      100.00

. list if _merge!=3

     +-------------------------------------------------------------------------------------+
     | state~ps   state_~v                       state_name   state_~a   state~us   _merge |
     |-------------------------------------------------------------------------------------|
  3. |       60         AS                   American Samoa          7          .        1 |
 11. |       64         FM   Federated States of Micronesia          .          .        1 |
 14. |       66         GU                             Guam          6          .        1 |
 24. |       68         MH                 Marshall Islands          3          .        1 |
 44. |       72         PR                      Puerto Rico          4          .        1 |
     |-------------------------------------------------------------------------------------|
 46. |        .                                      Saipan          8          .        1 |
 53. |       78         VI                   Virgin Islands          5          .        1 |
     +-------------------------------------------------------------------------------------+

. *keep if _merge==3
. drop _merge

. 
. ************************************************************
. ** ICP State Code                                         **
. ************************************************************
. 
. preserve

.         clear

.         input str20 state_name state_icp

               state_name  state_icp
  1.         "Connecticut" 01
  2.         "Maine" 02
  3.         "Massachusetts" 03
  4.         "New Hampshire" 04
  5.         "Rhode Island" 05
  6.         "Vermont" 06
  7.         "Delaware" 11
  8.         "New Jersey" 12
  9.         "New York" 13
 10.         "Pennsylvania" 14
 11.         "Illinois" 21
 12.         "Indiana" 22
 13.         "Michigan" 23
 14.         "Ohio" 24
 15.         "Wisconsin" 25
 16.         "Iowa" 31
 17.         "Kansas" 32
 18.         "Minnesota" 33
 19.         "Missouri" 34
 20.         "Nebraska" 35
 21.         "North Dakota" 36
 22.         "South Dakota" 37
 23.         "Virginia" 40
 24.         "Alabama" 41
 25.         "Arkansas" 42
 26.         "Florida" 43
 27.         "Georgia" 44
 28.         "Louisiana" 45
 29.         "Mississippi" 46
 30.         "North Carolina" 47
 31.         "South Carolina" 48
 32.         "Texas" 49
 33.         "Kentucky" 51
 34.         "Maryland" 52
 35.         "Oklahoma" 53
 36.         "Tennessee" 54
 37.         "West Virginia" 56
 38.         "Arizona" 61
 39.         "Colorado" 62
 40.         "Idaho" 63
 41.         "Montana" 64
 42.         "Nevada" 65
 43.         "New Mexico" 66
 44.         "Utah" 67
 45.         "Wyoming" 68
 46.         "California" 71
 47.         "Oregon" 72
 48.         "Washington" 73
 49.         "Alaska" 81
 50.         "Hawaii" 82
 51.         "Puerto Rico" 83
 52.         "District of Columbia" 98
 53.         end

.         tempfile icp

.         sort state_name

.         save "`icp'"
file /var/folders/3q/0zvdx8pd3sgg3pb2x91t3qp80000gn/T//S_50333.000007 saved as .dta format

. restore

. 
. sort state_name

. merge state_name using "`icp'" , uniqusing uniqmaster
(you are using old merge syntax; see [D] merge for new syntax)

. tab _merge

     _merge |      Freq.     Percent        Cum.
------------+-----------------------------------
          1 |          6       10.34       10.34
          3 |         52       89.66      100.00
------------+-----------------------------------
      Total |         58      100.00

. list if _merge!=3

     +------------------------------------------------------------------------------------------------+
     | state~ps   state_~v                       state_name   state_~a   state~us   state_~p   _merge |
     |------------------------------------------------------------------------------------------------|
  3. |       60         AS                   American Samoa          7          .          .        1 |
 11. |       64         FM   Federated States of Micronesia          .          .          .        1 |
 14. |       66         GU                             Guam          6          .          .        1 |
 24. |       68         MH                 Marshall Islands          3          .          .        1 |
 46. |        .                                      Saipan          8          .          .        1 |
     |------------------------------------------------------------------------------------------------|
 53. |       78         VI                   Virgin Islands          5          .          .        1 |
     +------------------------------------------------------------------------------------------------+

. drop _merge

. 
. ************************************************************
. ** Save & Close                                           **
. ************************************************************
. 
. sort state_fips

. d, f

Contains data
 Observations:            58                  
    Variables:             6                  
------------------------------------------------------------------------------------------------------------------------------------------------------------------------------------
Variable      Storage   Display    Value
    name         type    format    label      Variable label
------------------------------------------------------------------------------------------------------------------------------------------------------------------------------------
state_fips      float   %9.0g                 
state_abbrev    str2    %9s                   
state_name      str40   %40s                  
state_aha       float   %9.0g                 
state_census    float   %9.0g                 
state_icp       float   %9.0g                 
------------------------------------------------------------------------------------------------------------------------------------------------------------------------------------
Sorted by: state_fips
     Note: Dataset has changed since last saved.

. compress
  variable state_fips was float now byte
  variable state_aha was float now byte
  variable state_census was float now byte
  variable state_icp was float now byte
  variable state_name was str40 now str30
  (1,276 bytes saved)

. label data "Every Possible State Code"

. save ../dta/state-codes.dta, replace
file ../dta/state-codes.dta saved

. 
. log close
      name:  <unnamed>
       log:  /Users/pranavgupta/Documents/ECON 580/Pranav-copy-rep-kit/ggn-replication-kit/do/../log/state-codes.log
  log type:  text
 closed on:  11 Feb 2026, 20:17:22
------------------------------------------------------------------------------------------------------------------------------------------------------------------------------------
